[dotenv@17.3.1] injecting env (0) from .env -- tip: ≡ƒñû agentic secret storage: https://dotenvx.com/as2
node.exe : TEST FAILED: Error: 
SASL: SCRAM-SERVER-FIRST-MESSAGE: 
client password must be a string
At line:1 char:1
+ & "C:\Program 
Files\nodejs/node.exe" 
"C:\Users\rosha\AppData\Roaming\ 
...
+ ~~~~~~~~~~~~~~~~~~~~~~~~~~~~~~~~
~~~~~~~~~~~~~~~~~~~~~~~~~~~~~~~~~~
~~~
    + CategoryInfo          : Not 
   Specified: (TEST FAILED: Er..  
  .ust be a string:String) [],    
 RemoteException
    + FullyQualifiedErrorId : Nat 
   iveCommandError
 
    at E:\lendkraft-lms\backend\no
de_modules\pg-pool\index.js:45:11
    at 
process.processTicksAndRejections 
(node:internal/process/task_queues
:104:5)
    at async 
PrismaPgAdapter.performIO (E:\lend
kraft-lms\backend\node_modules\@pr
isma\adapter-pg\dist\index.js:652:
22)
    at async 
PrismaPgAdapter.queryRaw (E:\lendk
raft-lms\backend\node_modules\@pri
sma\adapter-pg\dist\index.js:602:3
0)
    at async o (E:\lendkraft-lms\b
ackend\node_modules\@prisma\client
-engine-runtime\src\tracing.ts:66:
26)
    at async e.interpretNode (E:\l
endkraft-lms\backend\node_modules\
@prisma\client-engine-runtime\src\
interpreter\query-interpreter.ts:1
86:26)
    at async e.interpretNode (E:\l
endkraft-lms\backend\node_modules\
@prisma\client-engine-runtime\src\
interpreter\query-interpreter.ts:2
13:41)
    at async e.interpretNode (E:\l
endkraft-lms\backend\node_modules\
@prisma\client-engine-runtime\src\
interpreter\query-interpreter.ts:2
72:41)
    at async e.run (E:\lendkraft-l
ms\backend\node_modules\@prisma\cl
ient-engine-runtime\src\interprete
r\query-interpreter.ts:94:23)
    at async e.execute (E:\lendkra
ft-lms\backend\node_modules\@prism
a\client\src\runtime\core\engines\
client\LocalExecutor.ts:81:12) {
  clientVersion: '7.5.0'
}
